Release 14.7 - xst P.20131013 (nt64)
Copyright (c) 1995-2013 Xilinx, Inc.  All rights reserved.
--> Parameter TMPDIR set to xst/projnav.tmp


Total REAL time to Xst completion: 0.00 secs
Total CPU time to Xst completion: 0.15 secs
 
--> Parameter xsthdpdir set to xst


Total REAL time to Xst completion: 0.00 secs
Total CPU time to Xst completion: 0.15 secs
 
--> Reading design: UDC.prj

TABLE OF CONTENTS
  1) Synthesis Options Summary
  2) HDL Compilation
  3) Design Hierarchy Analysis
  4) HDL Analysis
  5) HDL Synthesis
     5.1) HDL Synthesis Report
  6) Advanced HDL Synthesis
     6.1) Advanced HDL Synthesis Report
  7) Low Level Synthesis
  8) Partition Report
  9) Final Report
	9.1) Device utilization summary
	9.2) Partition Resource Summary
	9.3) TIMING REPORT


=========================================================================
*                      Synthesis Options Summary                        *
=========================================================================
---- Source Parameters
Input File Name                    : "UDC.prj"
Input Format                       : mixed
Ignore Synthesis Constraint File   : NO

---- Target Parameters
Output File Name                   : "UDC"
Output Format                      : NGC
Target Device                      : xc3s100e-4-cp132

---- Source Options
Top Module Name                    : UDC
Automatic FSM Extraction           : YES
FSM Encoding Algorithm             : Auto
Safe Implementation                : No
FSM Style                          : LUT
RAM Extraction                     : Yes
RAM Style                          : Auto
ROM Extraction                     : Yes
Mux Style                          : Auto
Decoder Extraction                 : YES
Priority Encoder Extraction        : Yes
Shift Register Extraction          : YES
Logical Shifter Extraction         : YES
XOR Collapsing                     : YES
ROM Style                          : Auto
Mux Extraction                     : Yes
Resource Sharing                   : YES
Asynchronous To Synchronous        : NO
Multiplier Style                   : Auto
Automatic Register Balancing       : No

---- Target Options
Add IO Buffers                     : YES
Global Maximum Fanout              : 100000
Add Generic Clock Buffer(BUFG)     : 24
Register Duplication               : YES
Slice Packing                      : YES
Optimize Instantiated Primitives   : NO
Use Clock Enable                   : Yes
Use Synchronous Set                : Yes
Use Synchronous Reset              : Yes
Pack IO Registers into IOBs        : Auto
Equivalent register Removal        : YES

---- General Options
Optimization Goal                  : Speed
Optimization Effort                : 1
Keep Hierarchy                     : No
Netlist Hierarchy                  : As_Optimized
RTL Output                         : Yes
Global Optimization                : AllClockNets
Read Cores                         : YES
Write Timing Constraints           : NO
Cross Clock Analysis               : NO
Hierarchy Separator                : /
Bus Delimiter                      : <>
Case Specifier                     : Maintain
Slice Utilization Ratio            : 100
BRAM Utilization Ratio             : 100
Verilog 2001                       : YES
Auto BRAM Packing                  : NO
Slice Utilization Ratio Delta      : 5

=========================================================================


=========================================================================
*                          HDL Compilation                              *
=========================================================================
Compiling verilog file "timer.v" in library work
Compiling verilog file "UDC.v" in library work
Module <timer> compiled
Module <UDC> compiled
No errors in compilation
Analysis of file <"UDC.prj"> succeeded.
 

=========================================================================
*                     Design Hierarchy Analysis                         *
=========================================================================
Analyzing hierarchy for module <UDC> in library <work>.

Analyzing hierarchy for module <timer> in library <work> with parameters.
	COUNT = "00000010111110101111000010000000"


=========================================================================
*                            HDL Analysis                               *
=========================================================================
Analyzing top module <UDC>.
WARNING:Xst:916 - "UDC.v" line 32: Delay is ignored for synthesis.
Module <UDC> is correct for synthesis.
 
Analyzing module <timer> in library <work>.
	COUNT = 32'sb00000010111110101111000010000000
Module <timer> is correct for synthesis.
 

=========================================================================
*                           HDL Synthesis                               *
=========================================================================

Performing bidirectional port resolution...

Synthesizing Unit <timer>.
    Related source file is "timer.v".
WARNING:Xst:647 - Input <rst> is never used. This port will be preserved and left unconnected if it belongs to a top-level block or it belongs to a sub-block and the hierarchy of this sub-block is preserved.
    Found 26-bit up counter for signal <cnt>.
    Summary:
	inferred   1 Counter(s).
Unit <timer> synthesized.


Synthesizing Unit <UDC>.
    Related source file is "UDC.v".
    Found 16x8-bit ROM for signal <sevenSegment>.
    Found 4-bit updown counter for signal <cnt>.
    Summary:
	inferred   1 ROM(s).
	inferred   1 Counter(s).
Unit <UDC> synthesized.


=========================================================================
HDL Synthesis Report

Macro Statistics
# ROMs                                                 : 1
 16x8-bit ROM                                          : 1
# Counters                                             : 2
 26-bit up counter                                     : 1
 4-bit updown counter                                  : 1

=========================================================================

=========================================================================
*                       Advanced HDL Synthesis                          *
=========================================================================


=========================================================================
Advanced HDL Synthesis Report

Macro Statistics
# ROMs                                                 : 1
 16x8-bit ROM                                          : 1
# Counters                                             : 2
 26-bit up counter                                     : 1
 4-bit updown counter                                  : 1

=========================================================================

=========================================================================
*                         Low Level Synthesis                           *
=========================================================================

Optimizing unit <UDC> ...

Mapping all equations...
Building and optimizing final netlist ...
Found area constraint ratio of 100 (+ 5) on block UDC, actual ratio is 2.

Final Macro Processing ...

=========================================================================
Final Register Report

Macro Statistics
# Registers                                            : 30
 Flip-Flops                                            : 30

=========================================================================

=========================================================================
*                           Partition Report                            *
=========================================================================

Partition Implementation Status
-------------------------------

  No Partitions were found in this design.

-------------------------------

=========================================================================
*                            Final Report                               *
=========================================================================
Final Results
RTL Top Level Output File Name     : UDC.ngr
Top Level Output File Name         : UDC
Output Format                      : NGC
Optimization Goal                  : Speed
Keep Hierarchy                     : No

Design Statistics
# IOs                              : 15

Cell Usage :
# BELS                             : 110
#      GND                         : 1
#      INV                         : 2
#      LUT1                        : 25
#      LUT2                        : 2
#      LUT2_L                      : 1
#      LUT3                        : 1
#      LUT4                        : 16
#      LUT4_L                      : 2
#      MUXCY                       : 32
#      MUXF5                       : 1
#      VCC                         : 1
#      XORCY                       : 26
# FlipFlops/Latches                : 30
#      FD                          : 26
#      FDRE                        : 4
# Clock Buffers                    : 1
#      BUFGP                       : 1
# IO Buffers                       : 14
#      IBUF                        : 2
#      OBUF                        : 12
=========================================================================

Device utilization summary:
---------------------------

Selected Device : 3s100ecp132-4 

 Number of Slices:                       25  out of    960     2%  
 Number of Slice Flip Flops:             30  out of   1920     1%  
 Number of 4 input LUTs:                 49  out of   1920     2%  
 Number of IOs:                          15
 Number of bonded IOBs:                  15  out of     83    18%  
 Number of GCLKs:                         1  out of     24     4%  

---------------------------
Partition Resource Summary:
---------------------------

  No Partitions were found in this design.

---------------------------


=========================================================================
TIMING REPORT

NOTE: THESE TIMING NUMBERS ARE ONLY A SYNTHESIS ESTIMATE.
      FOR ACCURATE TIMING INFORMATION PLEASE REFER TO THE TRACE REPORT
      GENERATED AFTER PLACE-and-ROUTE.

Clock Information:
------------------
-----------------------------------+------------------------+-------+
Clock Signal                       | Clock buffer(FF name)  | Load  |
-----------------------------------+------------------------+-------+
clk                                | BUFGP                  | 30    |
-----------------------------------+------------------------+-------+

Asynchronous Control Signals Information:
----------------------------------------
No asynchronous control signals found in this design

Timing Summary:
---------------
Speed Grade: -4

   Minimum period: 5.846ns (Maximum Frequency: 171.057MHz)
   Minimum input arrival time before clock: 5.067ns
   Maximum output required time after clock: 6.145ns
   Maximum combinational path delay: No path found

Timing Detail:
--------------
All values displayed in nanoseconds (ns)

=========================================================================
Timing constraint: Default period analysis for Clock 'clk'
  Clock period: 5.846ns (frequency: 171.057MHz)
  Total number of paths / destination ports: 590 / 38
-------------------------------------------------------------------------
Delay:               5.846ns (Levels of Logic = 9)
  Source:            timer/cnt_6 (FF)
  Destination:       cnt_0 (FF)
  Source Clock:      clk rising
  Destination Clock: clk rising

  Data Path: timer/cnt_6 to cnt_0
                                Gate     Net
    Cell:in->out      fanout   Delay   Delay  Logical Name (Net Name)
    ----------------------------------------  ------------
     FD:C->Q               2   0.591   0.622  timer/cnt_6 (timer/cnt_6)
     LUT2:I0->O            1   0.704   0.000  cnt_or00001_wg_lut<0> (cnt_or00001_wg_lut<0>)
     MUXCY:S->O            1   0.464   0.000  cnt_or00001_wg_cy<0> (cnt_or00001_wg_cy<0>)
     MUXCY:CI->O           1   0.059   0.000  cnt_or00001_wg_cy<1> (cnt_or00001_wg_cy<1>)
     MUXCY:CI->O           1   0.059   0.000  cnt_or00001_wg_cy<2> (cnt_or00001_wg_cy<2>)
     MUXCY:CI->O           1   0.059   0.000  cnt_or00001_wg_cy<3> (cnt_or00001_wg_cy<3>)
     MUXCY:CI->O           1   0.059   0.000  cnt_or00001_wg_cy<4> (cnt_or00001_wg_cy<4>)
     MUXCY:CI->O           1   0.059   0.000  cnt_or00001_wg_cy<5> (cnt_or00001_wg_cy<5>)
     MUXCY:CI->O           5   0.331   0.637  cnt_or00001_wg_cy<6> (cnt_or00001_wg_cy<6>)
     LUT4:I3->O            4   0.704   0.587  cnt_or0000 (cnt_or0000)
     FDRE:R                    0.911          cnt_0
    ----------------------------------------
    Total                      5.846ns (4.000ns logic, 1.846ns route)
                                       (68.4% logic, 31.6% route)

=========================================================================
Timing constraint: Default OFFSET IN BEFORE for Clock 'clk'
  Total number of paths / destination ports: 12 / 7
-------------------------------------------------------------------------
Offset:              5.067ns (Levels of Logic = 3)
  Source:            upDown (PAD)
  Destination:       cnt_0 (FF)
  Destination Clock: clk rising

  Data Path: upDown to cnt_0
                                Gate     Net
    Cell:in->out      fanout   Delay   Delay  Logical Name (Net Name)
    ----------------------------------------  ------------
     IBUF:I->O             5   1.218   0.808  upDown_IBUF (upDown_IBUF)
     LUT4_L:I0->LO         1   0.704   0.135  cnt_or0000_SW0 (N7)
     LUT4:I2->O            4   0.704   0.587  cnt_or0000 (cnt_or0000)
     FDRE:R                    0.911          cnt_0
    ----------------------------------------
    Total                      5.067ns (3.537ns logic, 1.530ns route)
                                       (69.8% logic, 30.2% route)

=========================================================================
Timing constraint: Default OFFSET OUT AFTER for Clock 'clk'
  Total number of paths / destination ports: 28 / 7
-------------------------------------------------------------------------
Offset:              6.145ns (Levels of Logic = 2)
  Source:            cnt_0 (FF)
  Destination:       sevenSegment<7> (PAD)
  Source Clock:      clk rising

  Data Path: cnt_0 to sevenSegment<7>
                                Gate     Net
    Cell:in->out      fanout   Delay   Delay  Logical Name (Net Name)
    ----------------------------------------  ------------
     FDRE:C->Q            13   0.591   1.158  cnt_0 (cnt_0)
     LUT4:I0->O            1   0.704   0.420  sevenSegment<7>1 (sevenSegment_7_OBUF)
     OBUF:I->O                 3.272          sevenSegment_7_OBUF (sevenSegment<7>)
    ----------------------------------------
    Total                      6.145ns (4.567ns logic, 1.578ns route)
                                       (74.3% logic, 25.7% route)

=========================================================================


Total REAL time to Xst completion: 5.00 secs
Total CPU time to Xst completion: 5.01 secs
 
--> 

Total memory usage is 4497468 kilobytes

Number of errors   :    0 (   0 filtered)
Number of warnings :    2 (   0 filtered)
Number of infos    :    0 (   0 filtered)

